Run 'mamba init' to be able to run mamba activate/deactivate
and start a new shell session. Or use conda to activate/deactivate.

2026-06-10 13:35:53,946 - distributed.nanny - INFO -         Start Nanny at: 'tcp://11.0.0.105:45001'
2026-06-10 13:35:57,063 - distributed.preloading - INFO - Creating preload: dask_cuda.initialize
2026-06-10 13:35:57,063 - distributed.preloading - INFO - Import preload module: dask_cuda.initialize
2026-06-10 13:35:57,837 - distributed.preloading - INFO - Run preload setup: dask_cuda.initialize
2026-06-10 13:35:57,838 - distributed.worker - INFO -       Start worker at:     tcp://11.0.0.105:45843
2026-06-10 13:35:57,838 - distributed.worker - INFO -          Listening to:     tcp://11.0.0.105:45843
2026-06-10 13:35:57,838 - distributed.worker - INFO -           Worker name:             SLURMCluster-1
2026-06-10 13:35:57,838 - distributed.worker - INFO -          dashboard at:           11.0.0.105:35677
2026-06-10 13:35:57,838 - distributed.worker - INFO - Waiting to connect to:      tcp://11.0.0.136:8786
2026-06-10 13:35:57,838 - distributed.worker - INFO - -------------------------------------------------
2026-06-10 13:35:57,838 - distributed.worker - INFO -               Threads:                          4
2026-06-10 13:35:57,838 - distributed.worker - INFO -                Memory:                  27.94 GiB
2026-06-10 13:35:57,838 - distributed.worker - INFO -       Local Directory: /tmp/dask-scratch-space/worker-cptbemgh
2026-06-10 13:35:57,838 - distributed.worker - INFO - Starting Worker plugin CPUAffinity-4f75c630-8dff-45c2-b4c4-0775757b0e3e
2026-06-10 13:35:57,838 - distributed.worker - INFO - Starting Worker plugin PreImport-4182c695-fde9-4f13-9074-0defb9aabf97
2026-06-10 13:35:57,839 - distributed.worker - INFO - Starting Worker plugin CUDFSetup-bbb28cfa-8fb4-4284-a6e2-dd19c98fb01d
2026-06-10 13:35:58,605 - distributed.worker - INFO - Starting Worker plugin RMMSetup-579f759e-6f33-42ec-95e7-9af941114aa2
2026-06-10 13:35:58,606 - distributed.worker - INFO - -------------------------------------------------
2026-06-10 13:35:58,751 - distributed.worker - INFO - Starting Worker plugin shuffle
2026-06-10 13:35:58,752 - distributed.worker - INFO -         Registered to:      tcp://11.0.0.136:8786
2026-06-10 13:35:58,752 - distributed.worker - INFO - -------------------------------------------------
2026-06-10 13:35:58,754 - distributed.core - INFO - Starting established connection to tcp://11.0.0.136:8786
2026-06-10 13:43:30,715 - distributed.worker - INFO - Run out-of-band function 'gpu_test'
2026-06-10 13:43:35,084 - distributed.core - INFO - Event loop was unresponsive in Worker for 4.37s.  This is often caused by long-running GIL-holding functions or moving large chunks of data. This can cause timeouts and instability.
2026-06-10 13:43:55,505 - distributed.worker - INFO - Run out-of-band function 'gpu_test'
/opt/python/mamba3/envs/rapids-23.10/lib/python3.12/site-packages/distributed/protocol/pickle.py:90: ExperimentalWarning: DaskStorage is experimental (supported from v3.1.0). The interface can change in the future.
  return pickle.loads(x, buffers=buffers)
/opt/python/mamba3/envs/rapids-23.10/lib/python3.12/site-packages/distributed/protocol/pickle.py:90: ExperimentalWarning: DaskStorage is experimental (supported from v3.1.0). The interface can change in the future.
  return pickle.loads(x, buffers=buffers)
/opt/python/mamba3/envs/rapids-23.10/lib/python3.12/site-packages/distributed/protocol/pickle.py:90: ExperimentalWarning: DaskStorage is experimental (supported from v3.1.0). The interface can change in the future.
  return pickle.loads(x, buffers=buffers)
/opt/python/mamba3/envs/rapids-23.10/lib/python3.12/site-packages/distributed/protocol/pickle.py:90: ExperimentalWarning: DaskStorage is experimental (supported from v3.1.0). The interface can change in the future.
  return pickle.loads(x, buffers=buffers)
/opt/python/mamba3/envs/rapids-23.10/lib/python3.12/site-packages/distributed/protocol/pickle.py:90: ExperimentalWarning: DaskStorage is experimental (supported from v3.1.0). The interface can change in the future.
  return pickle.loads(x, buffers=buffers)
/opt/python/mamba3/envs/rapids-23.10/lib/python3.12/site-packages/distributed/protocol/pickle.py:90: ExperimentalWarning: DaskStorage is experimental (supported from v3.1.0). The interface can change in the future.
  return pickle.loads(x, buffers=buffers)
/opt/python/mamba3/envs/rapids-23.10/lib/python3.12/site-packages/distributed/protocol/pickle.py:90: ExperimentalWarning: DaskStorage is experimental (supported from v3.1.0). The interface can change in the future.
  return pickle.loads(x, buffers=buffers)
/opt/python/mamba3/envs/rapids-23.10/lib/python3.12/site-packages/distributed/protocol/pickle.py:90: ExperimentalWarning: DaskStorage is experimental (supported from v3.1.0). The interface can change in the future.
  return pickle.loads(x, buffers=buffers)
2026-06-10 13:45:39,035 - distributed.core - INFO - Event loop was unresponsive in Worker for 27.05s.  This is often caused by long-running GIL-holding functions or moving large chunks of data. This can cause timeouts and instability.
2026-06-10 13:47:01,809 - distributed.core - INFO - Event loop was unresponsive in Worker for 82.77s.  This is often caused by long-running GIL-holding functions or moving large chunks of data. This can cause timeouts and instability.
2026-06-10 13:49:32,249 - distributed.core - INFO - Event loop was unresponsive in Worker for 150.33s.  This is often caused by long-running GIL-holding functions or moving large chunks of data. This can cause timeouts and instability.
slurmstepd: error: *** JOB 563894 ON nukwa-00.cnca CANCELLED AT 2026-06-10T13:50:03 ***
